// Jest Snapshot v1, https://goo.gl/fbAQLP

exports[`<CSSQuiz/> spanshot matches 1`] = `
<div
  style={
    Object {
      "background": "#8f34eb",
    }
  }
>
  <Title
    title="CSS Quiz"
  />
  <div
    className="ui container"
  >
    <QuestionList
      loading={false}
      questions={
        Array [
          Object {
            "A": "Cascading Style Sheet.",
            "B": "Complete Style Sheet.",
            "answer": "A",
            "category": "basic",
            "id": 1,
            "q": "CSS stands for?",
          },
          Object {
            "A": "Inline, embedded and external style sheet .",
            "B": "Inline and external style sheet.",
            "answer": "A",
            "category": "basic",
            "id": 2,
            "q": "What are the main ways to add CSS to a webpage?",
          },
          Object {
            "A": "Content, padding, border and margin.",
            "B": "Only content, padding and border.",
            "answer": "A",
            "category": "basic",
            "id": 3,
            "q": "Basic elements of box model are:",
          },
          Object {
            "A": "One with higher specificity.",
            "B": "One with lower specificity.",
            "answer": "A",
            "category": "basic",
            "id": 4,
            "q": "When in conflict which design rule has priority?",
          },
          Object {
            "A": "Document flow.",
            "B": "Viewport.",
            "answer": "B",
            "category": "basic",
            "id": 5,
            "q": "Positioning context for element with fixed position is:",
          },
          Object {
            "A": "It is a feature of CSS which is used to style on the given state of an element.",
            "B": "It is a feature of CSS which is used to style the given part of an element.",
            "answer": "A",
            "category": "basic",
            "id": 6,
            "q": "Define a pseudo class in CSS?",
          },
        ]
      }
      setCalculatedScore={[Function]}
    />
  </div>
</div>
`;
